// Jest Snapshot v1, https://goo.gl/fbAQLP

exports[`Hello prints out a hame 1`] = `
<div>
  Hello 
  David
  !
</div>
`;
